// Jest Snapshot v1, https://goo.gl/fbAQLP

exports[`Snapshot to match snapshot 1`] = `
<View
  accessibilityState={
    {
      "busy": undefined,
      "checked": undefined,
      "disabled": undefined,
      "expanded": undefined,
      "selected": undefined,
    }
  }
  accessibilityValue={
    {
      "max": undefined,
      "min": undefined,
      "now": undefined,
      "text": undefined,
    }
  }
  accessible={true}
  collapsable={false}
  focusable={true}
  onClick={[Function]}
  onResponderGrant={[Function]}
  onResponderMove={[Function]}
  onResponderRelease={[Function]}
  onResponderTerminate={[Function]}
  onResponderTerminationRequest={[Function]}
  onStartShouldSetResponder={[Function]}
  style={
    {
      "alignSelf": "center",
      "backgroundColor": "white",
      "borderRadius": 10,
      "display": "flex",
      "marginVertical": 10,
      "opacity": 1,
      "paddingHorizontal": 187.5,
      "paddingVertical": 10,
    }
  }
>
  <Text
    style={
      [
        {
          "color": "white",
          "fontSize": 30,
          "textAlign": "center",
        },
        undefined,
      ]
    }
  >
    Test
  </Text>
</View>
`;
